---
source: src/bin/ui/scrollable/markdown/parse/entry_point.rs
expression: "markdown_iter(doc).collect::<Vec<_>>()"
---
[
    (
        Start(
            Heading {
                level: H1,
                id: None,
                classes: [],
                attrs: [],
            },
        ),
        1..6,
    ),
    (
        Text(
            Borrowed(
                "h1",
            ),
        ),
        3..5,
    ),
    (
        End(
            Heading(
                H1,
            ),
        ),
        1..6,
    ),
    (
        Start(
            Paragraph,
        ),
        7..35,
    ),
    (
        Text(
            Borrowed(
                "aaa b ",
            ),
        ),
        7..13,
    ),
    (
        Start(
            Emphasis,
        ),
        13..16,
    ),
    (
        Text(
            Borrowed(
                "c",
            ),
        ),
        14..15,
    ),
    (
        End(
            Emphasis,
        ),
        13..16,
    ),
    (
        Text(
            Borrowed(
                " d ",
            ),
        ),
        16..19,
    ),
    (
        Start(
            Strong,
        ),
        19..24,
    ),
    (
        Text(
            Borrowed(
                "e",
            ),
        ),
        21..22,
    ),
    (
        End(
            Strong,
        ),
        19..24,
    ),
    (
        Text(
            Borrowed(
                ". ",
            ),
        ),
        24..26,
    ),
    (
        Start(
            Strikethrough,
        ),
        26..31,
    ),
    (
        Text(
            Borrowed(
                "xxx",
            ),
        ),
        27..30,
    ),
    (
        End(
            Strikethrough,
        ),
        26..31,
    ),
    (
        Text(
            Borrowed(
                " z.",
            ),
        ),
        31..34,
    ),
    (
        End(
            Paragraph,
        ),
        7..35,
    ),
    (
        Start(
            Paragraph,
        ),
        36..69,
    ),
    (
        Text(
            Borrowed(
                "1 ",
            ),
        ),
        36..38,
    ),
    (
        Start(
            Emphasis,
        ),
        38..61,
    ),
    (
        Text(
            Borrowed(
                "c ",
            ),
        ),
        39..41,
    ),
    (
        Start(
            Strong,
        ),
        41..47,
    ),
    (
        Text(
            Borrowed(
                "ss",
            ),
        ),
        43..45,
    ),
    (
        End(
            Strong,
        ),
        41..47,
    ),
    (
        Text(
            Borrowed(
                " d sadsad xxx",
            ),
        ),
        47..60,
    ),
    (
        End(
            Emphasis,
        ),
        38..61,
    ),
    (
        Text(
            Borrowed(
                " ",
            ),
        ),
        61..62,
    ),
    (
        Code(
            Borrowed(
                "yyyy",
            ),
        ),
        62..68,
    ),
    (
        End(
            Paragraph,
        ),
        36..69,
    ),
    (
        Start(
            CodeBlock(
                Fenced(
                    Borrowed(
                        "",
                    ),
                ),
            ),
        ),
        70..88,
    ),
    (
        Text(
            Borrowed(
                "let a = 1;\n",
            ),
        ),
        74..85,
    ),
    (
        End(
            CodeBlock,
        ),
        70..88,
    ),
    (
        Start(
            BlockQuote,
        ),
        90..106,
    ),
    (
        Start(
            Paragraph,
        ),
        92..106,
    ),
    (
        Text(
            Borrowed(
                "rrr sss",
            ),
        ),
        92..99,
    ),
    (
        SoftBreak,
        100..101,
    ),
    (
        Text(
            Borrowed(
                "tt",
            ),
        ),
        103..105,
    ),
    (
        End(
            Paragraph,
        ),
        92..106,
    ),
    (
        End(
            BlockQuote,
        ),
        90..106,
    ),
    (
        Start(
            List(
                None,
            ),
        ),
        107..172,
    ),
    (
        Start(
            Item,
        ),
        107..137,
    ),
    (
        TaskListMarker(
            true,
        ),
        109..112,
    ),
    (
        Text(
            Borrowed(
                "done!",
            ),
        ),
        113..118,
    ),
    (
        Start(
            List(
                None,
            ),
        ),
        121..137,
    ),
    (
        Start(
            Item,
        ),
        121..137,
    ),
    (
        Text(
            Borrowed(
                "nested list",
            ),
        ),
        125..136,
    ),
    (
        End(
            Item,
        ),
        121..137,
    ),
    (
        End(
            List(
                false,
            ),
        ),
        121..137,
    ),
    (
        End(
            Item,
        ),
        107..137,
    ),
    (
        Start(
            Item,
        ),
        137..172,
    ),
    (
        TaskListMarker(
            false,
        ),
        139..142,
    ),
    (
        Text(
            Borrowed(
                "undone",
            ),
        ),
        143..149,
    ),
    (
        Start(
            List(
                Some(
                    1,
                ),
            ),
        ),
        152..172,
    ),
    (
        Start(
            Item,
        ),
        152..161,
    ),
    (
        Start(
            Emphasis,
        ),
        157..160,
    ),
    (
        Text(
            Borrowed(
                "a",
            ),
        ),
        158..159,
    ),
    (
        End(
            Emphasis,
        ),
        157..160,
    ),
    (
        End(
            Item,
        ),
        152..161,
    ),
    (
        Start(
            Item,
        ),
        163..172,
    ),
    (
        Code(
            Borrowed(
                "b",
            ),
        ),
        168..171,
    ),
    (
        End(
            Item,
        ),
        163..172,
    ),
    (
        End(
            List(
                true,
            ),
        ),
        152..172,
    ),
    (
        End(
            Item,
        ),
        137..172,
    ),
    (
        End(
            List(
                false,
            ),
        ),
        107..172,
    ),
]
