---
source: src/bin/ui/scrollable/markdown/parse/entry_point/tests.rs
expression: lines
---
[
    "[""a""]""[""0""]"", ""[""c""]""[""1""]"", ""[""e""]""[""1""]"".",
    ,
    "[0]: b",
    "[1]: d",
    ,
    "[""`""f""`""]""[""1""]"".",
    ,
    "[1]: d",
    ,
    "## ""h2 ""[""c""]""[""1""]"" ""[""`""h""`""]""[""1""]",
    ,
    "[1]: d",
    ,
    "m""[""^""n""]"".",
    ,
    "[^n]: ""blah",
    ,
]
