---
source: src/bin/ui/scrollable/markdown/parse/entry_point/tests.rs
expression: regions
---
LinkedRegions {
    tag: {
        Heading(
            0,
        ): TargetRegion {
            targets: [
                SelectedRegion {
                    row_start: 14,
                    row_end: 15,
                    col_start: 0,
                    col_end: 2,
                },
            ],
        },
    },
}
