---
source: src/bin/ui/scrollable/markdown/parse/entry_point/tests.rs
expression: lines
---
[
    "# ""h1 ""`",
    "code""`",
    ,
    "aaa ""b ""c",
    "d ""e"". ",
    "xxx"" ""z.",
    ,
    "1 ""c ",
    "ss"" ""d ",
    "sadsad ",
    "xxx"" ""`",
    "yyyy""`",
    ,
    "let"" a ""=",
    " ""1"";",
    ,
    "rrr ""sss",
    "tt",
    ,
    "* ""[x]",
    "done!",
    "  ""* ",
    "nested ",
    "list",
    "* ""[ ]",
    "undone",
    "  ""1. ""a",
    "  ""2. ""`",
    "b""`",
    ,
]
