---
source: tests/parse-json-docs/parse.rs
expression: display
---
integration
├── Functions
│   ├── [Fn] func_with_1arg
│   ├── [Fn] func_with_1arg_and_ret
│   └── [Fn] func_with_no_args
├── Constants
│   ├── [Const] ACONSTANT
│   └── [Const] ASTATIC
├── Macros - Declarative
│   └── [macro decl] a_decl_macro
├── Traits
│   └── [Trait] integration::ATrait
│       └── Implementors
│           └── AUnitStruct: ATrait
├── Structs
│   ├── [Struct] integration::AUnitStruct
│   │   ├── No Fields!
│   │   └── Implementations
│   │       ├── Trait Impls
│   │       │   └── AUnitStruct: ATrait
│   │       ├── Auto Impls
│   │       │   ├── AUnitStruct: UnwindSafe
│   │       │   ├── AUnitStruct: Sync
│   │       │   ├── AUnitStruct: RefUnwindSafe
│   │       │   ├── AUnitStruct: Send
│   │       │   └── AUnitStruct: Unpin
│   │       └── Blanket Impls
│   │           ├── T: Any
│   │           ├── T: Borrow<T>
│   │           ├── T: TryFrom<U>
│   │           ├── T: TryInto<U>
│   │           ├── T: From<T>
│   │           ├── T: Into<U>
│   │           └── T: BorrowMut<T>
│   └── [Struct] integration::FieldsNamedStruct
│       ├── Fields
│       │   ├── [field] field1
│       │   ├── [field] field2
│       │   ├── [field] field3
│       │   └── /* private fields */
│       └── Implementations
│           ├── Inherent Impls
│           │   └── 0:22
│           ├── Trait Impls
│           │   └── FieldsNamedStruct: Default
│           ├── Auto Impls
│           │   ├── FieldsNamedStruct: UnwindSafe
│           │   ├── FieldsNamedStruct: Sync
│           │   ├── FieldsNamedStruct: RefUnwindSafe
│           │   ├── FieldsNamedStruct: Send
│           │   └── FieldsNamedStruct: Unpin
│           └── Blanket Impls
│               ├── T: Any
│               ├── T: Borrow<T>
│               ├── T: TryFrom<U>
│               ├── T: TryInto<U>
│               ├── T: From<T>
│               ├── T: Into<U>
│               └── T: BorrowMut<T>
└── [Mod] integration::submod1
    ├── Enums
    │   └── [Enum] integration::submod1::AUnitEnum
    │       ├── Variants
    │       │   ├── [variant] A
    │       │   ├── [variant] B
    │       │   └── [variant] C
    │       └── Implementations
    │           ├── Inherent Impls
    │           │   └── 0:15
    │           ├── Trait Impls
    │           │   └── AUnitEnum: Debug
    │           ├── Auto Impls
    │           │   ├── AUnitEnum: UnwindSafe
    │           │   ├── AUnitEnum: Sync
    │           │   ├── AUnitEnum: RefUnwindSafe
    │           │   ├── AUnitEnum: Send
    │           │   └── AUnitEnum: Unpin
    │           └── Blanket Impls
    │               ├── T: Any
    │               ├── T: Borrow<T>
    │               ├── T: TryFrom<U>
    │               ├── T: TryInto<U>
    │               ├── T: From<T>
    │               ├── T: Into<U>
    │               └── T: BorrowMut<T>
    └── [Mod] integration::submod1::submod2
        ├── Traits
        │   └── [Trait] integration::submod1::submod2::ATraitNeverImplementedForTypes
        │       └── No Associated Items Or Implementors!
        └── Structs
            ├── [Struct] AStructAlias
            │   ├── No Fields!
            │   └── Implementations
            │       ├── Trait Impls
            │       │   └── AUnitStruct: ATrait
            │       ├── Auto Impls
            │       │   ├── AUnitStruct: UnwindSafe
            │       │   ├── AUnitStruct: Sync
            │       │   ├── AUnitStruct: RefUnwindSafe
            │       │   ├── AUnitStruct: Send
            │       │   └── AUnitStruct: Unpin
            │       └── Blanket Impls
            │           ├── T: Any
            │           ├── T: Borrow<T>
            │           ├── T: TryFrom<U>
            │           ├── T: TryInto<U>
            │           ├── T: From<T>
            │           ├── T: Into<U>
            │           └── T: BorrowMut<T>
            └── [Struct] AUnitStruct
                ├── No Fields!
                └── Implementations
                    ├── Trait Impls
                    │   └── AUnitStruct: ATrait
                    ├── Auto Impls
                    │   ├── AUnitStruct: UnwindSafe
                    │   ├── AUnitStruct: Sync
                    │   ├── AUnitStruct: RefUnwindSafe
                    │   ├── AUnitStruct: Send
                    │   └── AUnitStruct: Unpin
                    └── Blanket Impls
                        ├── T: Any
                        ├── T: Borrow<T>
                        ├── T: TryFrom<U>
                        ├── T: TryInto<U>
                        ├── T: From<T>
                        ├── T: Into<U>
                        └── T: BorrowMut<T>
