---
source: tests/parse-json-docs/parse.rs
expression: empty
---
├── 
│   ├── [Fn] 
│   ├── [Fn] 
│   └── [Fn] 
├── 
│   ├── [Const] 
│   └── [Const] 
├── 
│   └── [macro decl] 
├── 
│   └── [Trait] 
│       └── 
│           └── 
├── 
│   ├── [Struct] 
│   │   ├── 
│   │   └── 
│   │       ├── 
│   │       │   └── 
│   │       ├── 
│   │       │   ├── 
│   │       │   ├── 
│   │       │   ├── 
│   │       │   ├── 
│   │       │   └── 
│   │       └── 
│   │           ├── 
│   │           ├── 
│   │           ├── 
│   │           ├── 
│   │           ├── 
│   │           ├── 
│   │           └── 
│   └── [Struct] 
│       ├── 
│       │   ├── [field] 
│       │   ├── [field] 
│       │   ├── [field] 
│       │   └── 
│       └── 
│           ├── 
│           │   └── 
│           ├── 
│           │   └── 
│           ├── 
│           │   ├── 
│           │   ├── 
│           │   ├── 
│           │   ├── 
│           │   └── 
│           └── 
│               ├── 
│               ├── 
│               ├── 
│               ├── 
│               ├── 
│               ├── 
│               └── 
└── [Mod] 
    ├── 
    │   └── [Enum] 
    │       ├── 
    │       │   ├── [variant] 
    │       │   ├── [variant] 
    │       │   └── [variant] 
    │       └── 
    │           ├── 
    │           │   └── 
    │           ├── 
    │           │   └── 
    │           ├── 
    │           │   ├── 
    │           │   ├── 
    │           │   ├── 
    │           │   ├── 
    │           │   └── 
    │           └── 
    │               ├── 
    │               ├── 
    │               ├── 
    │               ├── 
    │               ├── 
    │               ├── 
    │               └── 
    └── [Mod] 
        ├── 
        │   └── [Trait] 
        │       └── 
        └── 
            ├── [Struct] 
            │   ├── 
            │   └── 
            │       ├── 
            │       │   └── 
            │       ├── 
            │       │   ├── 
            │       │   ├── 
            │       │   ├── 
            │       │   ├── 
            │       │   └── 
            │       └── 
            │           ├── 
            │           ├── 
            │           ├── 
            │           ├── 
            │           ├── 
            │           ├── 
            │           └── 
            └── [Struct] 
                ├── 
                └── 
                    ├── 
                    │   └── 
                    ├── 
                    │   ├── 
                    │   ├── 
                    │   ├── 
                    │   ├── 
                    │   └── 
                    └── 
                        ├── 
                        ├── 
                        ├── 
                        ├── 
                        ├── 
                        ├── 
                        └──
